2025/10/12 19:29:14 [emerg] 1#1: host not found in upstream "n8n:5678" in /etc/nginx/conf.d/default.conf:14
2025/10/12 19:29:16 [emerg] 1#1: host not found in upstream "pgadmin:80" in /etc/nginx/conf.d/default.conf:22
2025/10/12 19:29:16 [emerg] 1#1: host not found in upstream "livekit:7880" in /etc/nginx/conf.d/default.conf:18
2025/10/12 19:29:17 [emerg] 1#1: host not found in upstream "livekit:7880" in /etc/nginx/conf.d/default.conf:18
2025/10/12 19:29:18 [emerg] 1#1: host not found in upstream "livekit:7880" in /etc/nginx/conf.d/default.conf:18
2025/10/12 19:29:20 [emerg] 1#1: host not found in upstream "n8n:5678" in /etc/nginx/conf.d/default.conf:14
2025/10/12 19:29:24 [emerg] 1#1: host not found in upstream "livekit:7880" in /etc/nginx/conf.d/default.conf:18
2025/10/12 19:29:30 [emerg] 1#1: host not found in upstream "n8n:5678" in /etc/nginx/conf.d/default.conf:14
2025/10/12 19:29:43 [emerg] 1#1: host not found in upstream "n8n:5678" in /etc/nginx/conf.d/default.conf:14
2025/10/12 19:30:09 [emerg] 1#1: host not found in upstream "n8n:5678" in /etc/nginx/conf.d/default.conf:14
2025/10/12 19:31:00 [emerg] 1#1: host not found in upstream "n8n:5678" in /etc/nginx/conf.d/default.conf:14
2025/10/12 19:32:00 [emerg] 1#1: host not found in upstream "n8n:5678" in /etc/nginx/conf.d/default.conf:14
2025/10/12 19:33:00 [emerg] 1#1: host not found in upstream "n8n:5678" in /etc/nginx/conf.d/default.conf:14
2025/10/12 19:34:00 [emerg] 1#1: host not found in upstream "livekit:7880" in /etc/nginx/conf.d/default.conf:18
2025/10/12 19:34:52 [emerg] 1#1: host not found in upstream "n8n:5678" in /etc/nginx/conf.d/default.conf:14
2025/10/12 19:34:52 [emerg] 1#1: host not found in upstream "n8n:5678" in /etc/nginx/conf.d/default.conf:14
2025/10/12 19:34:53 [emerg] 1#1: host not found in upstream "n8n:5678" in /etc/nginx/conf.d/default.conf:14
2025/10/12 19:34:53 [emerg] 1#1: host not found in upstream "n8n:5678" in /etc/nginx/conf.d/default.conf:14
2025/10/12 19:34:54 [emerg] 1#1: host not found in upstream "n8n:5678" in /etc/nginx/conf.d/default.conf:14
2025/10/12 19:34:56 [emerg] 1#1: host not found in upstream "n8n:5678" in /etc/nginx/conf.d/default.conf:14
2025/10/12 19:34:59 [emerg] 1#1: host not found in upstream "n8n:5678" in /etc/nginx/conf.d/default.conf:14
2025/10/12 19:35:06 [emerg] 1#1: host not found in upstream "n8n:5678" in /etc/nginx/conf.d/default.conf:14
2025/10/12 19:35:18 [emerg] 1#1: host not found in upstream "n8n:5678" in /etc/nginx/conf.d/default.conf:14
2025/10/12 19:35:44 [emerg] 1#1: host not found in upstream "livekit_backend" in /etc/nginx/conf.d/default.conf:111
2025/10/12 19:38:36 [error] 21#21: *1 connect() failed (111: Connection refused) while connecting to upstream, client: 185.199.110.133, server: instify.local, request: "HEAD / HTTP/1.1", upstream: "http://172.20.0.7:3000/", host: "instify.local"
2025/10/12 19:47:33 [error] 25#25: *101 upstream timed out (110: Operation timed out) while reading response header from upstream, client: 172.217.2.202, server: instify.local, request: "GET /api/health?_rsc=vusbg HTTP/1.1", upstream: "http://172.20.0.7:3001/api/health?_rsc=vusbg", host: "instify.local", referrer: "http://instify.local/"
2025/10/12 19:55:35 [emerg] 101#101: host not found in upstream "n8n:5678" in /etc/nginx/conf.d/default.conf:14
2025/10/12 19:56:05 [emerg] 107#107: host not found in upstream "n8n:5678" in /etc/nginx/conf.d/default.conf:14
2025/10/12 19:56:35 [emerg] 112#112: host not found in upstream "n8n:5678" in /etc/nginx/conf.d/default.conf:14
2025/10/12 20:19:46 [warn] 1#1: duplicate MIME type "text/html" in /etc/nginx/conf.d/default.conf:98
2025/10/12 20:20:16 [warn] 35#35: duplicate MIME type "text/html" in /etc/nginx/conf.d/default.conf:98
2025/10/12 20:20:46 [warn] 41#41: duplicate MIME type "text/html" in /etc/nginx/conf.d/default.conf:98
2025/10/12 20:21:16 [warn] 47#47: duplicate MIME type "text/html" in /etc/nginx/conf.d/default.conf:98
2025/10/12 20:21:46 [warn] 53#53: duplicate MIME type "text/html" in /etc/nginx/conf.d/default.conf:98
2025/10/12 20:22:16 [warn] 59#59: duplicate MIME type "text/html" in /etc/nginx/conf.d/default.conf:98
2025/10/12 20:22:46 [warn] 65#65: duplicate MIME type "text/html" in /etc/nginx/conf.d/default.conf:98
2025/10/12 20:23:16 [warn] 71#71: duplicate MIME type "text/html" in /etc/nginx/conf.d/default.conf:98
2025/10/12 20:23:23 [warn] 1#1: duplicate MIME type "text/html" in /etc/nginx/conf.d/default.conf:98
2025/10/12 20:23:53 [warn] 34#34: duplicate MIME type "text/html" in /etc/nginx/conf.d/default.conf:98
2025/10/12 20:24:23 [warn] 40#40: duplicate MIME type "text/html" in /etc/nginx/conf.d/default.conf:98
2025/10/12 20:24:53 [warn] 46#46: duplicate MIME type "text/html" in /etc/nginx/conf.d/default.conf:98
2025/10/12 20:25:23 [warn] 52#52: duplicate MIME type "text/html" in /etc/nginx/conf.d/default.conf:98
2025/10/12 20:25:53 [warn] 58#58: duplicate MIME type "text/html" in /etc/nginx/conf.d/default.conf:98
2025/10/12 20:26:23 [warn] 64#64: duplicate MIME type "text/html" in /etc/nginx/conf.d/default.conf:98
2025/10/12 20:26:53 [warn] 70#70: duplicate MIME type "text/html" in /etc/nginx/conf.d/default.conf:98
2025/10/12 20:27:23 [warn] 76#76: duplicate MIME type "text/html" in /etc/nginx/conf.d/default.conf:98
2025/10/12 20:27:53 [warn] 82#82: duplicate MIME type "text/html" in /etc/nginx/conf.d/default.conf:98
2025/10/12 20:28:23 [warn] 88#88: duplicate MIME type "text/html" in /etc/nginx/conf.d/default.conf:98
2025/10/12 20:28:53 [warn] 94#94: duplicate MIME type "text/html" in /etc/nginx/conf.d/default.conf:98
2025/10/12 20:29:23 [warn] 100#100: duplicate MIME type "text/html" in /etc/nginx/conf.d/default.conf:98
2025/10/12 20:29:53 [warn] 106#106: duplicate MIME type "text/html" in /etc/nginx/conf.d/default.conf:98
2025/10/12 20:30:23 [warn] 112#112: duplicate MIME type "text/html" in /etc/nginx/conf.d/default.conf:98
2025/10/12 20:30:53 [warn] 118#118: duplicate MIME type "text/html" in /etc/nginx/conf.d/default.conf:98
2025/10/12 20:31:23 [warn] 124#124: duplicate MIME type "text/html" in /etc/nginx/conf.d/default.conf:98
2025/10/12 20:31:53 [warn] 130#130: duplicate MIME type "text/html" in /etc/nginx/conf.d/default.conf:98
2025/10/12 20:31:53 [emerg] 130#130: host not found in upstream "pgadmin" in /etc/nginx/conf.d/default.conf:226
2025/10/12 20:32:23 [warn] 136#136: duplicate MIME type "text/html" in /etc/nginx/conf.d/default.conf:98
2025/10/12 20:32:23 [emerg] 136#136: host not found in upstream "pgadmin" in /etc/nginx/conf.d/default.conf:226
2025/10/12 20:32:53 [warn] 142#142: duplicate MIME type "text/html" in /etc/nginx/conf.d/default.conf:98
2025/10/12 20:32:53 [emerg] 142#142: host not found in upstream "pgadmin" in /etc/nginx/conf.d/default.conf:226
2025/10/12 20:33:20 [warn] 1#1: duplicate MIME type "text/html" in /etc/nginx/conf.d/default.conf:98
2025/10/12 20:33:20 [emerg] 1#1: host not found in upstream "pgadmin" in /etc/nginx/conf.d/default.conf:226
2025/10/12 20:33:20 [warn] 1#1: duplicate MIME type "text/html" in /etc/nginx/conf.d/default.conf:98
2025/10/12 20:33:20 [emerg] 1#1: host not found in upstream "pgadmin" in /etc/nginx/conf.d/default.conf:226
2025/10/12 20:33:21 [warn] 1#1: duplicate MIME type "text/html" in /etc/nginx/conf.d/default.conf:98
2025/10/12 20:33:21 [emerg] 1#1: host not found in upstream "pgadmin" in /etc/nginx/conf.d/default.conf:226
2025/10/12 20:33:21 [warn] 1#1: duplicate MIME type "text/html" in /etc/nginx/conf.d/default.conf:98
2025/10/12 20:33:21 [emerg] 1#1: host not found in upstream "pgadmin" in /etc/nginx/conf.d/default.conf:226
2025/10/12 20:33:22 [warn] 1#1: duplicate MIME type "text/html" in /etc/nginx/conf.d/default.conf:98
2025/10/12 20:33:22 [emerg] 1#1: host not found in upstream "pgadmin" in /etc/nginx/conf.d/default.conf:226
2025/10/12 20:33:24 [warn] 1#1: duplicate MIME type "text/html" in /etc/nginx/conf.d/default.conf:98
2025/10/12 20:33:24 [emerg] 1#1: host not found in upstream "pgadmin" in /etc/nginx/conf.d/default.conf:226
2025/10/12 20:33:27 [warn] 1#1: duplicate MIME type "text/html" in /etc/nginx/conf.d/default.conf:98
2025/10/12 20:33:27 [emerg] 1#1: host not found in upstream "pgadmin" in /etc/nginx/conf.d/default.conf:226
2025/10/12 20:33:34 [warn] 1#1: duplicate MIME type "text/html" in /etc/nginx/conf.d/default.conf:98
2025/10/12 20:33:34 [emerg] 1#1: host not found in upstream "pgadmin" in /etc/nginx/conf.d/default.conf:226
2025/10/12 20:33:47 [warn] 1#1: duplicate MIME type "text/html" in /etc/nginx/conf.d/default.conf:98
2025/10/12 20:33:47 [emerg] 1#1: host not found in upstream "livekit" in /etc/nginx/conf.d/default.conf:245
2025/10/12 20:34:13 [warn] 1#1: duplicate MIME type "text/html" in /etc/nginx/conf.d/default.conf:98
2025/10/12 20:34:13 [emerg] 1#1: host not found in upstream "pgadmin" in /etc/nginx/conf.d/default.conf:226
2025/10/12 20:35:04 [warn] 1#1: duplicate MIME type "text/html" in /etc/nginx/conf.d/default.conf:98
2025/10/12 20:35:04 [emerg] 1#1: host not found in upstream "pgadmin" in /etc/nginx/conf.d/default.conf:226
2025/10/12 20:36:04 [warn] 1#1: duplicate MIME type "text/html" in /etc/nginx/conf.d/default.conf:98
2025/10/12 20:36:04 [emerg] 1#1: host not found in upstream "pgadmin" in /etc/nginx/conf.d/default.conf:226
2025/10/12 20:37:04 [warn] 1#1: duplicate MIME type "text/html" in /etc/nginx/conf.d/default.conf:98
2025/10/12 20:37:04 [emerg] 1#1: host not found in upstream "pgadmin" in /etc/nginx/conf.d/default.conf:226
2025/10/12 20:38:04 [warn] 1#1: duplicate MIME type "text/html" in /etc/nginx/conf.d/default.conf:98
2025/10/12 20:38:04 [emerg] 1#1: host not found in upstream "pgadmin" in /etc/nginx/conf.d/default.conf:226
2025/10/12 20:39:04 [warn] 1#1: duplicate MIME type "text/html" in /etc/nginx/conf.d/default.conf:98
2025/10/12 20:39:04 [emerg] 1#1: host not found in upstream "pgadmin" in /etc/nginx/conf.d/default.conf:226
2025/10/12 20:39:33 [warn] 1#1: duplicate MIME type "text/html" in /etc/nginx/conf.d/default.conf:98
2025/10/12 20:39:44 [error] 21#21: *1 connect() failed (111: Connection refused) while connecting to upstream, client: 172.67.68.102, server: redis.instify.local, request: "HEAD / HTTP/1.1", upstream: "http://172.20.0.4:8001/", host: "redis.instify.local"
2025/10/12 20:40:03 [warn] 40#40: duplicate MIME type "text/html" in /etc/nginx/conf.d/default.conf:98
2025/10/12 20:40:21 [warn] 1#1: duplicate MIME type "text/html" in /etc/nginx/conf.d/default.conf:98
2025/10/12 20:40:51 [warn] 35#35: duplicate MIME type "text/html" in /etc/nginx/conf.d/default.conf:98
2025/10/12 20:41:21 [warn] 41#41: duplicate MIME type "text/html" in /etc/nginx/conf.d/default.conf:98
2025/10/12 20:41:51 [warn] 47#47: duplicate MIME type "text/html" in /etc/nginx/conf.d/default.conf:98
2025/10/12 20:42:21 [warn] 53#53: duplicate MIME type "text/html" in /etc/nginx/conf.d/default.conf:98
2025/10/12 20:42:51 [warn] 59#59: duplicate MIME type "text/html" in /etc/nginx/conf.d/default.conf:98
2025/10/12 20:43:21 [warn] 65#65: duplicate MIME type "text/html" in /etc/nginx/conf.d/default.conf:98
2025/10/12 20:43:51 [warn] 71#71: duplicate MIME type "text/html" in /etc/nginx/conf.d/default.conf:98
2025/10/12 20:44:21 [warn] 77#77: duplicate MIME type "text/html" in /etc/nginx/conf.d/default.conf:98
2025/10/12 20:44:47 [warn] 1#1: duplicate MIME type "text/html" in /etc/nginx/conf.d/default.conf:98
2025/10/12 20:45:17 [warn] 36#36: duplicate MIME type "text/html" in /etc/nginx/conf.d/default.conf:98
2025/10/12 20:45:47 [warn] 42#42: duplicate MIME type "text/html" in /etc/nginx/conf.d/default.conf:98
2025/10/12 20:46:17 [warn] 54#54: duplicate MIME type "text/html" in /etc/nginx/conf.d/default.conf:98
2025/10/12 20:46:47 [warn] 60#60: duplicate MIME type "text/html" in /etc/nginx/conf.d/default.conf:98
2025/10/12 20:47:17 [warn] 66#66: duplicate MIME type "text/html" in /etc/nginx/conf.d/default.conf:98
2025/10/12 20:47:47 [warn] 72#72: duplicate MIME type "text/html" in /etc/nginx/conf.d/default.conf:98
2025/10/12 20:48:17 [warn] 78#78: duplicate MIME type "text/html" in /etc/nginx/conf.d/default.conf:98
2025/10/12 20:48:47 [warn] 84#84: duplicate MIME type "text/html" in /etc/nginx/conf.d/default.conf:98
2025/10/12 20:49:17 [warn] 90#90: duplicate MIME type "text/html" in /etc/nginx/conf.d/default.conf:98
2025/10/12 20:49:47 [warn] 96#96: duplicate MIME type "text/html" in /etc/nginx/conf.d/default.conf:98
2025/10/12 20:50:17 [warn] 102#102: duplicate MIME type "text/html" in /etc/nginx/conf.d/default.conf:98
2025/10/12 20:50:47 [warn] 108#108: duplicate MIME type "text/html" in /etc/nginx/conf.d/default.conf:98
2025/10/12 20:51:17 [warn] 114#114: duplicate MIME type "text/html" in /etc/nginx/conf.d/default.conf:98
2025/10/12 20:51:48 [warn] 120#120: duplicate MIME type "text/html" in /etc/nginx/conf.d/default.conf:98
2025/10/12 20:52:18 [warn] 126#126: duplicate MIME type "text/html" in /etc/nginx/conf.d/default.conf:98
2025/10/12 20:52:48 [warn] 132#132: duplicate MIME type "text/html" in /etc/nginx/conf.d/default.conf:98
2025/10/12 20:53:18 [warn] 138#138: duplicate MIME type "text/html" in /etc/nginx/conf.d/default.conf:98
2025/10/12 20:53:48 [warn] 144#144: duplicate MIME type "text/html" in /etc/nginx/conf.d/default.conf:98
2025/10/12 20:54:18 [warn] 150#150: duplicate MIME type "text/html" in /etc/nginx/conf.d/default.conf:98
2025/10/12 20:54:48 [warn] 156#156: duplicate MIME type "text/html" in /etc/nginx/conf.d/default.conf:98
2025/10/12 20:55:18 [warn] 162#162: duplicate MIME type "text/html" in /etc/nginx/conf.d/default.conf:98
2025/10/12 20:55:48 [warn] 168#168: duplicate MIME type "text/html" in /etc/nginx/conf.d/default.conf:98
2025/10/12 20:56:18 [warn] 174#174: duplicate MIME type "text/html" in /etc/nginx/conf.d/default.conf:98
2025/10/12 20:56:48 [warn] 180#180: duplicate MIME type "text/html" in /etc/nginx/conf.d/default.conf:98
2025/10/12 20:57:18 [warn] 186#186: duplicate MIME type "text/html" in /etc/nginx/conf.d/default.conf:98
2025/10/12 20:57:48 [warn] 192#192: duplicate MIME type "text/html" in /etc/nginx/conf.d/default.conf:98
2025/10/12 20:58:18 [warn] 198#198: duplicate MIME type "text/html" in /etc/nginx/conf.d/default.conf:98
2025/10/12 20:58:48 [warn] 204#204: duplicate MIME type "text/html" in /etc/nginx/conf.d/default.conf:98
2025/10/12 20:59:18 [warn] 210#210: duplicate MIME type "text/html" in /etc/nginx/conf.d/default.conf:98
2025/10/12 20:59:48 [warn] 216#216: duplicate MIME type "text/html" in /etc/nginx/conf.d/default.conf:98
2025/10/12 21:00:18 [warn] 222#222: duplicate MIME type "text/html" in /etc/nginx/conf.d/default.conf:98
2025/10/12 21:00:48 [warn] 228#228: duplicate MIME type "text/html" in /etc/nginx/conf.d/default.conf:98
2025/10/12 21:01:19 [warn] 234#234: duplicate MIME type "text/html" in /etc/nginx/conf.d/default.conf:98
2025/10/12 21:01:49 [warn] 240#240: duplicate MIME type "text/html" in /etc/nginx/conf.d/default.conf:98
2025/10/12 21:02:19 [warn] 246#246: duplicate MIME type "text/html" in /etc/nginx/conf.d/default.conf:98
2025/10/12 21:02:49 [warn] 252#252: duplicate MIME type "text/html" in /etc/nginx/conf.d/default.conf:98
2025/10/12 21:03:19 [warn] 258#258: duplicate MIME type "text/html" in /etc/nginx/conf.d/default.conf:98
2025/10/12 21:03:49 [warn] 264#264: duplicate MIME type "text/html" in /etc/nginx/conf.d/default.conf:98
2025/10/12 21:04:19 [warn] 270#270: duplicate MIME type "text/html" in /etc/nginx/conf.d/default.conf:98
2025/10/12 21:04:49 [warn] 276#276: duplicate MIME type "text/html" in /etc/nginx/conf.d/default.conf:98
2025/10/12 21:05:19 [warn] 282#282: duplicate MIME type "text/html" in /etc/nginx/conf.d/default.conf:98
2025/10/12 21:05:49 [warn] 288#288: duplicate MIME type "text/html" in /etc/nginx/conf.d/default.conf:98
2025/10/12 21:06:19 [warn] 294#294: duplicate MIME type "text/html" in /etc/nginx/conf.d/default.conf:98
2025/10/12 21:06:49 [warn] 300#300: duplicate MIME type "text/html" in /etc/nginx/conf.d/default.conf:98
2025/10/12 21:07:19 [warn] 306#306: duplicate MIME type "text/html" in /etc/nginx/conf.d/default.conf:98
2025/10/12 21:07:49 [warn] 312#312: duplicate MIME type "text/html" in /etc/nginx/conf.d/default.conf:98
2025/10/12 21:08:19 [warn] 318#318: duplicate MIME type "text/html" in /etc/nginx/conf.d/default.conf:98
2025/10/12 21:08:49 [warn] 324#324: duplicate MIME type "text/html" in /etc/nginx/conf.d/default.conf:98
2025/10/12 21:09:19 [warn] 330#330: duplicate MIME type "text/html" in /etc/nginx/conf.d/default.conf:98
2025/10/12 21:09:49 [warn] 336#336: duplicate MIME type "text/html" in /etc/nginx/conf.d/default.conf:98
2025/10/12 21:10:19 [warn] 342#342: duplicate MIME type "text/html" in /etc/nginx/conf.d/default.conf:98
2025/10/12 21:10:49 [warn] 348#348: duplicate MIME type "text/html" in /etc/nginx/conf.d/default.conf:98
2025/10/12 21:11:19 [warn] 354#354: duplicate MIME type "text/html" in /etc/nginx/conf.d/default.conf:98
2025/10/12 21:11:49 [warn] 360#360: duplicate MIME type "text/html" in /etc/nginx/conf.d/default.conf:98
2025/10/12 21:12:19 [warn] 366#366: duplicate MIME type "text/html" in /etc/nginx/conf.d/default.conf:98
2025/10/12 21:12:50 [warn] 372#372: duplicate MIME type "text/html" in /etc/nginx/conf.d/default.conf:98
2025/10/12 21:13:20 [warn] 378#378: duplicate MIME type "text/html" in /etc/nginx/conf.d/default.conf:98
2025/10/12 21:13:50 [warn] 384#384: duplicate MIME type "text/html" in /etc/nginx/conf.d/default.conf:98
2025/10/12 21:14:20 [warn] 390#390: duplicate MIME type "text/html" in /etc/nginx/conf.d/default.conf:98
2025/10/12 21:14:50 [warn] 396#396: duplicate MIME type "text/html" in /etc/nginx/conf.d/default.conf:98
2025/10/12 21:15:20 [warn] 402#402: duplicate MIME type "text/html" in /etc/nginx/conf.d/default.conf:98
2025/10/12 21:15:50 [warn] 408#408: duplicate MIME type "text/html" in /etc/nginx/conf.d/default.conf:98
2025/10/12 21:16:20 [warn] 414#414: duplicate MIME type "text/html" in /etc/nginx/conf.d/default.conf:98
2025/10/12 21:16:50 [warn] 420#420: duplicate MIME type "text/html" in /etc/nginx/conf.d/default.conf:98
2025/10/12 21:17:20 [warn] 426#426: duplicate MIME type "text/html" in /etc/nginx/conf.d/default.conf:98
2025/10/12 21:17:50 [warn] 432#432: duplicate MIME type "text/html" in /etc/nginx/conf.d/default.conf:98
2025/10/12 21:18:20 [warn] 438#438: duplicate MIME type "text/html" in /etc/nginx/conf.d/default.conf:98
2025/10/12 21:18:50 [warn] 444#444: duplicate MIME type "text/html" in /etc/nginx/conf.d/default.conf:98
2025/10/12 21:19:20 [warn] 450#450: duplicate MIME type "text/html" in /etc/nginx/conf.d/default.conf:98
2025/10/12 21:19:50 [warn] 456#456: duplicate MIME type "text/html" in /etc/nginx/conf.d/default.conf:98
2025/10/12 21:20:20 [warn] 461#461: duplicate MIME type "text/html" in /etc/nginx/conf.d/default.conf:98
2025/10/12 21:20:50 [warn] 467#467: duplicate MIME type "text/html" in /etc/nginx/conf.d/default.conf:98
2025/10/12 21:21:20 [warn] 473#473: duplicate MIME type "text/html" in /etc/nginx/conf.d/default.conf:98
2025/10/12 21:21:51 [warn] 479#479: duplicate MIME type "text/html" in /etc/nginx/conf.d/default.conf:98
2025/10/12 21:22:21 [warn] 485#485: duplicate MIME type "text/html" in /etc/nginx/conf.d/default.conf:98
2025/10/12 21:22:51 [warn] 491#491: duplicate MIME type "text/html" in /etc/nginx/conf.d/default.conf:98
2025/10/12 21:23:21 [warn] 497#497: duplicate MIME type "text/html" in /etc/nginx/conf.d/default.conf:98
2025/10/12 21:23:51 [warn] 503#503: duplicate MIME type "text/html" in /etc/nginx/conf.d/default.conf:98
2025/10/12 21:24:21 [warn] 509#509: duplicate MIME type "text/html" in /etc/nginx/conf.d/default.conf:98
2025/10/12 21:24:51 [warn] 515#515: duplicate MIME type "text/html" in /etc/nginx/conf.d/default.conf:98
2025/10/12 21:25:21 [warn] 521#521: duplicate MIME type "text/html" in /etc/nginx/conf.d/default.conf:98
2025/10/12 21:25:51 [warn] 527#527: duplicate MIME type "text/html" in /etc/nginx/conf.d/default.conf:98
2025/10/12 21:26:21 [warn] 533#533: duplicate MIME type "text/html" in /etc/nginx/conf.d/default.conf:98
2025/10/12 21:26:51 [warn] 539#539: duplicate MIME type "text/html" in /etc/nginx/conf.d/default.conf:98
2025/10/12 21:27:21 [warn] 545#545: duplicate MIME type "text/html" in /etc/nginx/conf.d/default.conf:98
2025/10/12 21:27:51 [warn] 551#551: duplicate MIME type "text/html" in /etc/nginx/conf.d/default.conf:98
2025/10/12 21:28:21 [warn] 557#557: duplicate MIME type "text/html" in /etc/nginx/conf.d/default.conf:98
2025/10/12 21:28:51 [warn] 563#563: duplicate MIME type "text/html" in /etc/nginx/conf.d/default.conf:98
2025/10/12 21:29:21 [warn] 569#569: duplicate MIME type "text/html" in /etc/nginx/conf.d/default.conf:98
2025/10/12 21:29:51 [warn] 575#575: duplicate MIME type "text/html" in /etc/nginx/conf.d/default.conf:98
2025/10/12 21:30:21 [warn] 581#581: duplicate MIME type "text/html" in /etc/nginx/conf.d/default.conf:98
2025/10/12 21:30:51 [warn] 587#587: duplicate MIME type "text/html" in /etc/nginx/conf.d/default.conf:98
2025/10/12 21:31:21 [warn] 593#593: duplicate MIME type "text/html" in /etc/nginx/conf.d/default.conf:98
2025/10/12 21:31:51 [warn] 599#599: duplicate MIME type "text/html" in /etc/nginx/conf.d/default.conf:98
2025/10/12 21:32:21 [warn] 605#605: duplicate MIME type "text/html" in /etc/nginx/conf.d/default.conf:98
2025/10/12 21:32:51 [warn] 611#611: duplicate MIME type "text/html" in /etc/nginx/conf.d/default.conf:98
2025/10/12 21:33:21 [warn] 617#617: duplicate MIME type "text/html" in /etc/nginx/conf.d/default.conf:98
2025/10/12 21:33:51 [warn] 622#622: duplicate MIME type "text/html" in /etc/nginx/conf.d/default.conf:98
2025/10/12 21:34:21 [warn] 628#628: duplicate MIME type "text/html" in /etc/nginx/conf.d/default.conf:98
2025/10/12 21:34:51 [warn] 634#634: duplicate MIME type "text/html" in /etc/nginx/conf.d/default.conf:98
2025/10/12 21:35:22 [warn] 640#640: duplicate MIME type "text/html" in /etc/nginx/conf.d/default.conf:98
2025/10/12 21:35:52 [warn] 646#646: duplicate MIME type "text/html" in /etc/nginx/conf.d/default.conf:98
2025/10/12 21:36:22 [warn] 652#652: duplicate MIME type "text/html" in /etc/nginx/conf.d/default.conf:98
2025/10/12 21:36:52 [warn] 658#658: duplicate MIME type "text/html" in /etc/nginx/conf.d/default.conf:98
2025/10/12 21:37:22 [warn] 664#664: duplicate MIME type "text/html" in /etc/nginx/conf.d/default.conf:98
2025/10/12 21:37:52 [warn] 670#670: duplicate MIME type "text/html" in /etc/nginx/conf.d/default.conf:98
2025/10/12 21:38:22 [warn] 676#676: duplicate MIME type "text/html" in /etc/nginx/conf.d/default.conf:98
2025/10/12 21:38:52 [warn] 682#682: duplicate MIME type "text/html" in /etc/nginx/conf.d/default.conf:98
2025/10/12 21:39:22 [warn] 688#688: duplicate MIME type "text/html" in /etc/nginx/conf.d/default.conf:98
2025/10/12 21:39:52 [warn] 694#694: duplicate MIME type "text/html" in /etc/nginx/conf.d/default.conf:98
2025/10/12 21:40:22 [warn] 700#700: duplicate MIME type "text/html" in /etc/nginx/conf.d/default.conf:98
2025/10/12 21:40:52 [warn] 706#706: duplicate MIME type "text/html" in /etc/nginx/conf.d/default.conf:98
2025/10/12 21:41:22 [warn] 712#712: duplicate MIME type "text/html" in /etc/nginx/conf.d/default.conf:98
2025/10/12 21:41:52 [warn] 718#718: duplicate MIME type "text/html" in /etc/nginx/conf.d/default.conf:98
2025/10/12 21:42:22 [warn] 724#724: duplicate MIME type "text/html" in /etc/nginx/conf.d/default.conf:98
2025/10/12 21:42:52 [warn] 730#730: duplicate MIME type "text/html" in /etc/nginx/conf.d/default.conf:98
2025/10/12 21:43:22 [warn] 736#736: duplicate MIME type "text/html" in /etc/nginx/conf.d/default.conf:98
2025/10/12 21:43:52 [warn] 742#742: duplicate MIME type "text/html" in /etc/nginx/conf.d/default.conf:98
2025/10/12 21:44:22 [warn] 748#748: duplicate MIME type "text/html" in /etc/nginx/conf.d/default.conf:98
2025/10/12 21:44:52 [warn] 754#754: duplicate MIME type "text/html" in /etc/nginx/conf.d/default.conf:98
2025/10/12 21:45:22 [warn] 760#760: duplicate MIME type "text/html" in /etc/nginx/conf.d/default.conf:98
2025/10/12 21:45:52 [warn] 766#766: duplicate MIME type "text/html" in /etc/nginx/conf.d/default.conf:98
2025/10/12 21:46:22 [warn] 772#772: duplicate MIME type "text/html" in /etc/nginx/conf.d/default.conf:98
2025/10/12 21:46:53 [warn] 778#778: duplicate MIME type "text/html" in /etc/nginx/conf.d/default.conf:98
2025/10/12 21:47:23 [warn] 784#784: duplicate MIME type "text/html" in /etc/nginx/conf.d/default.conf:98
2025/10/12 21:47:53 [warn] 790#790: duplicate MIME type "text/html" in /etc/nginx/conf.d/default.conf:98
2025/10/12 21:48:23 [warn] 796#796: duplicate MIME type "text/html" in /etc/nginx/conf.d/default.conf:98
2025/10/12 21:48:53 [warn] 802#802: duplicate MIME type "text/html" in /etc/nginx/conf.d/default.conf:98
2025/10/12 21:49:23 [warn] 808#808: duplicate MIME type "text/html" in /etc/nginx/conf.d/default.conf:98
2025/10/12 21:49:53 [warn] 814#814: duplicate MIME type "text/html" in /etc/nginx/conf.d/default.conf:98
2025/10/12 21:50:23 [warn] 820#820: duplicate MIME type "text/html" in /etc/nginx/conf.d/default.conf:98
2025/10/12 21:50:53 [warn] 826#826: duplicate MIME type "text/html" in /etc/nginx/conf.d/default.conf:98
2025/10/12 21:51:23 [warn] 832#832: duplicate MIME type "text/html" in /etc/nginx/conf.d/default.conf:98
2025/10/12 21:51:53 [warn] 838#838: duplicate MIME type "text/html" in /etc/nginx/conf.d/default.conf:98
2025/10/12 21:52:23 [warn] 844#844: duplicate MIME type "text/html" in /etc/nginx/conf.d/default.conf:98
2025/10/12 21:52:53 [warn] 850#850: duplicate MIME type "text/html" in /etc/nginx/conf.d/default.conf:98
2025/10/12 21:53:23 [warn] 856#856: duplicate MIME type "text/html" in /etc/nginx/conf.d/default.conf:98
2025/10/12 21:53:53 [warn] 862#862: duplicate MIME type "text/html" in /etc/nginx/conf.d/default.conf:98
2025/10/12 21:54:23 [warn] 868#868: duplicate MIME type "text/html" in /etc/nginx/conf.d/default.conf:98
2025/10/12 21:54:53 [warn] 874#874: duplicate MIME type "text/html" in /etc/nginx/conf.d/default.conf:98
2025/10/12 21:55:23 [warn] 880#880: duplicate MIME type "text/html" in /etc/nginx/conf.d/default.conf:98
2025/10/12 21:55:53 [warn] 886#886: duplicate MIME type "text/html" in /etc/nginx/conf.d/default.conf:98
2025/10/12 21:56:23 [warn] 892#892: duplicate MIME type "text/html" in /etc/nginx/conf.d/default.conf:98
2025/10/12 21:56:54 [warn] 898#898: duplicate MIME type "text/html" in /etc/nginx/conf.d/default.conf:98
2025/10/12 21:57:24 [warn] 904#904: duplicate MIME type "text/html" in /etc/nginx/conf.d/default.conf:98
2025/10/12 21:57:54 [warn] 910#910: duplicate MIME type "text/html" in /etc/nginx/conf.d/default.conf:98
2025/10/12 21:58:24 [warn] 916#916: duplicate MIME type "text/html" in /etc/nginx/conf.d/default.conf:98
2025/10/12 21:58:54 [warn] 922#922: duplicate MIME type "text/html" in /etc/nginx/conf.d/default.conf:98
2025/10/12 21:59:24 [warn] 928#928: duplicate MIME type "text/html" in /etc/nginx/conf.d/default.conf:98
2025/10/12 21:59:54 [warn] 934#934: duplicate MIME type "text/html" in /etc/nginx/conf.d/default.conf:98
2025/10/12 22:00:24 [warn] 940#940: duplicate MIME type "text/html" in /etc/nginx/conf.d/default.conf:98
2025/10/12 22:00:54 [warn] 946#946: duplicate MIME type "text/html" in /etc/nginx/conf.d/default.conf:98
2025/10/12 22:01:24 [warn] 952#952: duplicate MIME type "text/html" in /etc/nginx/conf.d/default.conf:98
2025/10/12 22:01:54 [warn] 958#958: duplicate MIME type "text/html" in /etc/nginx/conf.d/default.conf:98
2025/10/12 22:02:24 [warn] 964#964: duplicate MIME type "text/html" in /etc/nginx/conf.d/default.conf:98
2025/10/12 22:02:54 [warn] 970#970: duplicate MIME type "text/html" in /etc/nginx/conf.d/default.conf:98
2025/10/12 22:03:24 [warn] 976#976: duplicate MIME type "text/html" in /etc/nginx/conf.d/default.conf:98
2025/10/12 22:03:54 [warn] 982#982: duplicate MIME type "text/html" in /etc/nginx/conf.d/default.conf:98
2025/10/12 22:04:24 [warn] 988#988: duplicate MIME type "text/html" in /etc/nginx/conf.d/default.conf:98
2025/10/12 22:04:54 [warn] 994#994: duplicate MIME type "text/html" in /etc/nginx/conf.d/default.conf:98
2025/10/12 22:05:24 [warn] 1000#1000: duplicate MIME type "text/html" in /etc/nginx/conf.d/default.conf:98
2025/10/12 22:05:54 [warn] 1006#1006: duplicate MIME type "text/html" in /etc/nginx/conf.d/default.conf:98
2025/10/12 22:06:24 [warn] 1012#1012: duplicate MIME type "text/html" in /etc/nginx/conf.d/default.conf:98
2025/10/12 22:06:54 [warn] 1018#1018: duplicate MIME type "text/html" in /etc/nginx/conf.d/default.conf:98
2025/10/12 22:07:24 [warn] 1024#1024: duplicate MIME type "text/html" in /etc/nginx/conf.d/default.conf:98
2025/10/12 22:07:54 [warn] 1030#1030: duplicate MIME type "text/html" in /etc/nginx/conf.d/default.conf:98
2025/10/12 22:08:24 [warn] 1036#1036: duplicate MIME type "text/html" in /etc/nginx/conf.d/default.conf:98
2025/10/12 22:08:54 [warn] 1042#1042: duplicate MIME type "text/html" in /etc/nginx/conf.d/default.conf:98
2025/10/12 22:09:25 [warn] 1048#1048: duplicate MIME type "text/html" in /etc/nginx/conf.d/default.conf:98
2025/10/12 22:09:55 [warn] 1054#1054: duplicate MIME type "text/html" in /etc/nginx/conf.d/default.conf:98
2025/10/12 22:10:25 [warn] 1061#1061: duplicate MIME type "text/html" in /etc/nginx/conf.d/default.conf:98
2025/10/12 22:10:55 [warn] 1067#1067: duplicate MIME type "text/html" in /etc/nginx/conf.d/default.conf:98
2025/10/12 22:11:25 [warn] 1072#1072: duplicate MIME type "text/html" in /etc/nginx/conf.d/default.conf:98
2025/10/12 22:11:55 [warn] 1078#1078: duplicate MIME type "text/html" in /etc/nginx/conf.d/default.conf:98
2025/10/12 22:12:25 [warn] 1084#1084: duplicate MIME type "text/html" in /etc/nginx/conf.d/default.conf:98
2025/10/12 22:12:55 [warn] 1090#1090: duplicate MIME type "text/html" in /etc/nginx/conf.d/default.conf:98
2025/10/12 22:13:25 [warn] 1096#1096: duplicate MIME type "text/html" in /etc/nginx/conf.d/default.conf:98
2025/10/12 22:13:55 [warn] 1102#1102: duplicate MIME type "text/html" in /etc/nginx/conf.d/default.conf:98
2025/10/12 22:14:25 [warn] 1108#1108: duplicate MIME type "text/html" in /etc/nginx/conf.d/default.conf:98
2025/10/12 22:14:55 [warn] 1114#1114: duplicate MIME type "text/html" in /etc/nginx/conf.d/default.conf:98
2025/10/12 22:15:25 [warn] 1120#1120: duplicate MIME type "text/html" in /etc/nginx/conf.d/default.conf:98
2025/10/12 22:15:55 [warn] 1126#1126: duplicate MIME type "text/html" in /etc/nginx/conf.d/default.conf:98
2025/10/12 22:16:25 [warn] 1132#1132: duplicate MIME type "text/html" in /etc/nginx/conf.d/default.conf:98
2025/10/12 22:16:55 [warn] 1138#1138: duplicate MIME type "text/html" in /etc/nginx/conf.d/default.conf:98
2025/10/12 22:17:25 [warn] 1144#1144: duplicate MIME type "text/html" in /etc/nginx/conf.d/default.conf:98
2025/10/12 22:17:55 [warn] 1150#1150: duplicate MIME type "text/html" in /etc/nginx/conf.d/default.conf:98
2025/10/12 22:18:25 [warn] 1156#1156: duplicate MIME type "text/html" in /etc/nginx/conf.d/default.conf:98
2025/10/12 22:18:55 [warn] 1162#1162: duplicate MIME type "text/html" in /etc/nginx/conf.d/default.conf:98
2025/10/12 22:19:25 [warn] 1168#1168: duplicate MIME type "text/html" in /etc/nginx/conf.d/default.conf:98
2025/10/12 22:19:55 [warn] 1174#1174: duplicate MIME type "text/html" in /etc/nginx/conf.d/default.conf:98
2025/10/12 22:20:26 [warn] 1180#1180: duplicate MIME type "text/html" in /etc/nginx/conf.d/default.conf:98
2025/10/12 22:20:56 [warn] 1186#1186: duplicate MIME type "text/html" in /etc/nginx/conf.d/default.conf:98
2025/10/12 22:21:26 [warn] 1192#1192: duplicate MIME type "text/html" in /etc/nginx/conf.d/default.conf:98
2025/10/12 22:21:56 [warn] 1198#1198: duplicate MIME type "text/html" in /etc/nginx/conf.d/default.conf:98
2025/10/12 22:22:26 [warn] 1204#1204: duplicate MIME type "text/html" in /etc/nginx/conf.d/default.conf:98
2025/10/12 22:22:56 [warn] 1210#1210: duplicate MIME type "text/html" in /etc/nginx/conf.d/default.conf:98
2025/10/12 22:23:26 [warn] 1216#1216: duplicate MIME type "text/html" in /etc/nginx/conf.d/default.conf:98
2025/10/12 22:23:56 [warn] 1222#1222: duplicate MIME type "text/html" in /etc/nginx/conf.d/default.conf:98
2025/10/12 22:24:26 [warn] 1227#1227: duplicate MIME type "text/html" in /etc/nginx/conf.d/default.conf:98
2025/10/12 22:24:56 [warn] 1233#1233: duplicate MIME type "text/html" in /etc/nginx/conf.d/default.conf:98
2025/10/12 22:25:26 [warn] 1239#1239: duplicate MIME type "text/html" in /etc/nginx/conf.d/default.conf:98
2025/10/12 22:25:56 [warn] 1245#1245: duplicate MIME type "text/html" in /etc/nginx/conf.d/default.conf:98
2025/10/12 22:26:26 [warn] 1251#1251: duplicate MIME type "text/html" in /etc/nginx/conf.d/default.conf:98
2025/10/12 22:26:56 [warn] 1257#1257: duplicate MIME type "text/html" in /etc/nginx/conf.d/default.conf:98
2025/10/12 22:27:26 [warn] 1263#1263: duplicate MIME type "text/html" in /etc/nginx/conf.d/default.conf:98
2025/10/12 22:27:56 [warn] 1269#1269: duplicate MIME type "text/html" in /etc/nginx/conf.d/default.conf:98
2025/10/12 22:28:26 [warn] 1275#1275: duplicate MIME type "text/html" in /etc/nginx/conf.d/default.conf:98
2025/10/12 22:28:56 [warn] 1281#1281: duplicate MIME type "text/html" in /etc/nginx/conf.d/default.conf:98
2025/10/12 22:29:26 [warn] 1287#1287: duplicate MIME type "text/html" in /etc/nginx/conf.d/default.conf:98
2025/10/12 22:29:56 [warn] 1293#1293: duplicate MIME type "text/html" in /etc/nginx/conf.d/default.conf:98
2025/10/12 22:30:26 [warn] 1298#1298: duplicate MIME type "text/html" in /etc/nginx/conf.d/default.conf:98
2025/10/12 22:30:56 [warn] 1304#1304: duplicate MIME type "text/html" in /etc/nginx/conf.d/default.conf:98
2025/10/12 22:31:26 [warn] 1310#1310: duplicate MIME type "text/html" in /etc/nginx/conf.d/default.conf:98
2025/10/12 22:31:57 [warn] 1316#1316: duplicate MIME type "text/html" in /etc/nginx/conf.d/default.conf:98
2025/10/12 22:32:27 [warn] 1322#1322: duplicate MIME type "text/html" in /etc/nginx/conf.d/default.conf:98
2025/10/12 22:32:57 [warn] 1328#1328: duplicate MIME type "text/html" in /etc/nginx/conf.d/default.conf:98
2025/10/12 22:33:27 [warn] 1334#1334: duplicate MIME type "text/html" in /etc/nginx/conf.d/default.conf:98
2025/10/12 22:33:57 [warn] 1340#1340: duplicate MIME type "text/html" in /etc/nginx/conf.d/default.conf:98
2025/10/12 22:34:27 [warn] 1346#1346: duplicate MIME type "text/html" in /etc/nginx/conf.d/default.conf:98
2025/10/12 22:34:57 [warn] 1352#1352: duplicate MIME type "text/html" in /etc/nginx/conf.d/default.conf:98
2025/10/12 22:35:27 [warn] 1358#1358: duplicate MIME type "text/html" in /etc/nginx/conf.d/default.conf:98
2025/10/12 22:35:57 [warn] 1364#1364: duplicate MIME type "text/html" in /etc/nginx/conf.d/default.conf:98
2025/10/12 22:36:27 [warn] 1370#1370: duplicate MIME type "text/html" in /etc/nginx/conf.d/default.conf:98
2025/10/12 22:36:57 [warn] 1376#1376: duplicate MIME type "text/html" in /etc/nginx/conf.d/default.conf:98
2025/10/12 22:37:27 [warn] 1382#1382: duplicate MIME type "text/html" in /etc/nginx/conf.d/default.conf:98
2025/10/12 22:37:57 [warn] 1388#1388: duplicate MIME type "text/html" in /etc/nginx/conf.d/default.conf:98
2025/10/12 22:38:27 [warn] 1394#1394: duplicate MIME type "text/html" in /etc/nginx/conf.d/default.conf:98
2025/10/12 22:38:57 [warn] 1400#1400: duplicate MIME type "text/html" in /etc/nginx/conf.d/default.conf:98
2025/10/12 22:39:27 [warn] 1406#1406: duplicate MIME type "text/html" in /etc/nginx/conf.d/default.conf:98
2025/10/12 22:39:57 [warn] 1412#1412: duplicate MIME type "text/html" in /etc/nginx/conf.d/default.conf:98
2025/10/12 22:40:27 [warn] 1418#1418: duplicate MIME type "text/html" in /etc/nginx/conf.d/default.conf:98
2025/10/12 22:40:57 [warn] 1424#1424: duplicate MIME type "text/html" in /etc/nginx/conf.d/default.conf:98
2025/10/12 22:41:27 [warn] 1430#1430: duplicate MIME type "text/html" in /etc/nginx/conf.d/default.conf:98
2025/10/12 22:41:58 [warn] 1436#1436: duplicate MIME type "text/html" in /etc/nginx/conf.d/default.conf:98
2025/10/12 22:42:28 [warn] 1442#1442: duplicate MIME type "text/html" in /etc/nginx/conf.d/default.conf:98
2025/10/12 22:42:58 [warn] 1448#1448: duplicate MIME type "text/html" in /etc/nginx/conf.d/default.conf:98
2025/10/12 22:43:28 [warn] 1454#1454: duplicate MIME type "text/html" in /etc/nginx/conf.d/default.conf:98
2025/10/12 22:43:58 [warn] 1460#1460: duplicate MIME type "text/html" in /etc/nginx/conf.d/default.conf:98
2025/10/12 22:44:28 [warn] 1466#1466: duplicate MIME type "text/html" in /etc/nginx/conf.d/default.conf:98
2025/10/12 22:44:58 [warn] 1472#1472: duplicate MIME type "text/html" in /etc/nginx/conf.d/default.conf:98
2025/10/12 22:45:28 [warn] 1478#1478: duplicate MIME type "text/html" in /etc/nginx/conf.d/default.conf:98
2025/10/12 22:45:58 [warn] 1484#1484: duplicate MIME type "text/html" in /etc/nginx/conf.d/default.conf:98
2025/10/12 22:46:28 [warn] 1490#1490: duplicate MIME type "text/html" in /etc/nginx/conf.d/default.conf:98
2025/10/12 22:46:58 [warn] 1496#1496: duplicate MIME type "text/html" in /etc/nginx/conf.d/default.conf:98
2025/10/12 22:47:28 [warn] 1502#1502: duplicate MIME type "text/html" in /etc/nginx/conf.d/default.conf:98
2025/10/12 22:47:58 [warn] 1507#1507: duplicate MIME type "text/html" in /etc/nginx/conf.d/default.conf:98
2025/10/12 22:48:28 [warn] 1513#1513: duplicate MIME type "text/html" in /etc/nginx/conf.d/default.conf:98
2025/10/12 22:48:58 [warn] 1518#1518: duplicate MIME type "text/html" in /etc/nginx/conf.d/default.conf:98
2025/10/12 22:49:28 [warn] 1524#1524: duplicate MIME type "text/html" in /etc/nginx/conf.d/default.conf:98
2025/10/12 22:49:58 [warn] 1530#1530: duplicate MIME type "text/html" in /etc/nginx/conf.d/default.conf:98
2025/10/12 22:50:28 [warn] 1536#1536: duplicate MIME type "text/html" in /etc/nginx/conf.d/default.conf:98
2025/10/16 08:05:51 [emerg] 1#1: host not found in upstream "odeuo-web:3001" in /etc/nginx/conf.d/default.conf:10
2025/10/16 08:05:51 [emerg] 1#1: host not found in upstream "odeuo-web:3001" in /etc/nginx/conf.d/default.conf:10
2025/10/16 08:05:51 [emerg] 1#1: host not found in upstream "odeuo-web:3001" in /etc/nginx/conf.d/default.conf:10
2025/10/16 08:05:52 [emerg] 1#1: host not found in upstream "odeuo-web:3001" in /etc/nginx/conf.d/default.conf:10
2025/10/16 08:05:53 [emerg] 1#1: host not found in upstream "odeuo-web:3001" in /etc/nginx/conf.d/default.conf:10
2025/10/16 08:05:54 [emerg] 1#1: host not found in upstream "odeuo-web:3001" in /etc/nginx/conf.d/default.conf:10
2025/10/16 08:05:58 [emerg] 1#1: host not found in upstream "odeuo-web:3001" in /etc/nginx/conf.d/default.conf:10
2025/10/16 08:06:04 [emerg] 1#1: host not found in upstream "odeuo-web:3001" in /etc/nginx/conf.d/default.conf:10
2025/10/16 08:06:17 [emerg] 1#1: host not found in upstream "odeuo-web:3001" in /etc/nginx/conf.d/default.conf:10
2025/10/16 08:06:43 [emerg] 1#1: host not found in upstream "odeuo-web:3001" in /etc/nginx/conf.d/default.conf:10
2025/10/16 08:07:35 [emerg] 1#1: host not found in upstream "odeuo-web:3001" in /etc/nginx/conf.d/default.conf:10
2025/10/16 08:08:32 [emerg] 1#1: host not found in upstream "odeuo-web:3001" in /etc/nginx/conf.d/default.conf:10
2025/10/16 08:08:33 [emerg] 1#1: host not found in upstream "odeuo-web:3001" in /etc/nginx/conf.d/default.conf:10
2025/10/16 08:08:33 [emerg] 1#1: host not found in upstream "odeuo-web:3001" in /etc/nginx/conf.d/default.conf:10
2025/10/16 08:08:34 [emerg] 1#1: host not found in upstream "odeuo-web:3001" in /etc/nginx/conf.d/default.conf:10
2025/10/16 08:08:35 [emerg] 1#1: host not found in upstream "odeuo-web:3001" in /etc/nginx/conf.d/default.conf:10
2025/10/16 08:08:36 [emerg] 1#1: host not found in upstream "odeuo-web:3001" in /etc/nginx/conf.d/default.conf:10
2025/10/16 08:08:40 [emerg] 1#1: host not found in upstream "odeuo-web:3001" in /etc/nginx/conf.d/default.conf:10
2025/10/16 08:08:46 [emerg] 1#1: host not found in upstream "odeuo-web:3001" in /etc/nginx/conf.d/default.conf:10
2025/10/16 08:08:59 [warn] 1#1: duplicate MIME type "text/html" in /etc/nginx/conf.d/default.conf:102
2025/10/16 08:08:59 [emerg] 1#1: host not found in upstream "odeuo_web" in /etc/nginx/conf.d/default.conf:47
2025/10/16 09:06:59 [emerg] 536#536: host not found in upstream "livekit:7880" in /etc/nginx/conf.d/default.conf:18
2025/10/16 09:07:30 [emerg] 542#542: host not found in upstream "livekit:7880" in /etc/nginx/conf.d/default.conf:18
2025/10/16 09:08:00 [emerg] 548#548: host not found in upstream "livekit:7880" in /etc/nginx/conf.d/default.conf:18
2025/10/16 09:08:30 [emerg] 554#554: host not found in upstream "livekit:7880" in /etc/nginx/conf.d/default.conf:18
2025/10/16 09:09:00 [emerg] 560#560: host not found in upstream "livekit:7880" in /etc/nginx/conf.d/default.conf:18
2025/10/16 09:09:30 [emerg] 566#566: host not found in upstream "livekit:7880" in /etc/nginx/conf.d/default.conf:18
2025/10/16 09:10:00 [emerg] 572#572: host not found in upstream "livekit:7880" in /etc/nginx/conf.d/default.conf:18
2025/10/16 09:10:30 [emerg] 578#578: host not found in upstream "livekit:7880" in /etc/nginx/conf.d/default.conf:18
2025/10/16 09:11:00 [emerg] 584#584: host not found in upstream "livekit:7880" in /etc/nginx/conf.d/default.conf:18
2025/10/16 09:11:30 [emerg] 590#590: host not found in upstream "livekit:7880" in /etc/nginx/conf.d/default.conf:18
2025/10/16 09:12:01 [emerg] 596#596: host not found in upstream "livekit:7880" in /etc/nginx/conf.d/default.conf:18
2025/10/16 09:12:31 [emerg] 602#602: host not found in upstream "livekit:7880" in /etc/nginx/conf.d/default.conf:18
2025/10/16 09:13:01 [emerg] 608#608: host not found in upstream "livekit:7880" in /etc/nginx/conf.d/default.conf:18
2025/10/16 09:13:31 [emerg] 614#614: host not found in upstream "livekit:7880" in /etc/nginx/conf.d/default.conf:18
2025/10/16 09:14:01 [emerg] 620#620: host not found in upstream "livekit:7880" in /etc/nginx/conf.d/default.conf:18
2025/10/16 09:14:31 [emerg] 626#626: host not found in upstream "livekit:7880" in /etc/nginx/conf.d/default.conf:18
2025/10/16 09:15:01 [emerg] 632#632: host not found in upstream "livekit:7880" in /etc/nginx/conf.d/default.conf:18
2025/10/16 09:15:32 [emerg] 638#638: host not found in upstream "livekit:7880" in /etc/nginx/conf.d/default.conf:18
2025/10/16 09:16:02 [emerg] 645#645: host not found in upstream "livekit:7880" in /etc/nginx/conf.d/default.conf:18
2025/10/16 09:16:32 [emerg] 651#651: host not found in upstream "livekit:7880" in /etc/nginx/conf.d/default.conf:18
2025/10/16 09:17:02 [emerg] 657#657: host not found in upstream "livekit:7880" in /etc/nginx/conf.d/default.conf:18
2025/10/16 09:17:32 [emerg] 663#663: host not found in upstream "livekit:7880" in /etc/nginx/conf.d/default.conf:18
2025/10/16 09:18:02 [emerg] 669#669: host not found in upstream "livekit:7880" in /etc/nginx/conf.d/default.conf:18
2025/10/16 09:18:32 [emerg] 675#675: host not found in upstream "livekit:7880" in /etc/nginx/conf.d/default.conf:18
2025/10/16 09:19:02 [emerg] 681#681: host not found in upstream "livekit:7880" in /etc/nginx/conf.d/default.conf:18
2025/10/16 09:19:32 [emerg] 687#687: host not found in upstream "livekit:7880" in /etc/nginx/conf.d/default.conf:18
2025/10/16 09:20:03 [emerg] 693#693: host not found in upstream "livekit:7880" in /etc/nginx/conf.d/default.conf:18
2025/10/16 09:20:33 [emerg] 699#699: host not found in upstream "livekit:7880" in /etc/nginx/conf.d/default.conf:18
2025/10/16 09:21:03 [emerg] 705#705: host not found in upstream "livekit:7880" in /etc/nginx/conf.d/default.conf:18
2025/10/16 09:21:33 [emerg] 711#711: host not found in upstream "livekit:7880" in /etc/nginx/conf.d/default.conf:18
2025/10/16 09:22:03 [emerg] 717#717: host not found in upstream "livekit:7880" in /etc/nginx/conf.d/default.conf:18
2025/10/16 09:22:33 [emerg] 723#723: host not found in upstream "livekit:7880" in /etc/nginx/conf.d/default.conf:18
2025/10/16 09:23:03 [emerg] 729#729: host not found in upstream "livekit:7880" in /etc/nginx/conf.d/default.conf:18
2025/10/16 09:23:33 [emerg] 735#735: host not found in upstream "livekit:7880" in /etc/nginx/conf.d/default.conf:18
2025/10/16 09:24:03 [emerg] 741#741: host not found in upstream "livekit:7880" in /etc/nginx/conf.d/default.conf:18
2025/10/16 09:24:33 [emerg] 747#747: host not found in upstream "livekit:7880" in /etc/nginx/conf.d/default.conf:18
2025/10/16 09:25:03 [emerg] 753#753: host not found in upstream "livekit:7880" in /etc/nginx/conf.d/default.conf:18
2025/10/16 09:25:33 [emerg] 759#759: host not found in upstream "livekit:7880" in /etc/nginx/conf.d/default.conf:18
2025/10/16 09:26:03 [emerg] 765#765: host not found in upstream "livekit:7880" in /etc/nginx/conf.d/default.conf:18
2025/10/16 09:26:33 [emerg] 771#771: host not found in upstream "livekit:7880" in /etc/nginx/conf.d/default.conf:18
2025/10/16 09:27:03 [emerg] 777#777: host not found in upstream "livekit:7880" in /etc/nginx/conf.d/default.conf:18
2025/10/16 09:27:33 [emerg] 783#783: host not found in upstream "livekit:7880" in /etc/nginx/conf.d/default.conf:18
2025/10/16 09:28:03 [emerg] 789#789: host not found in upstream "livekit:7880" in /etc/nginx/conf.d/default.conf:18
2025/10/16 09:28:33 [emerg] 795#795: host not found in upstream "livekit:7880" in /etc/nginx/conf.d/default.conf:18
2025/10/16 09:29:03 [emerg] 801#801: host not found in upstream "livekit:7880" in /etc/nginx/conf.d/default.conf:18
2025/10/16 09:29:33 [emerg] 807#807: host not found in upstream "livekit:7880" in /etc/nginx/conf.d/default.conf:18
2025/10/16 09:30:04 [emerg] 813#813: host not found in upstream "livekit:7880" in /etc/nginx/conf.d/default.conf:18
2025/10/16 09:30:34 [emerg] 819#819: host not found in upstream "livekit:7880" in /etc/nginx/conf.d/default.conf:18
2025/10/16 09:31:04 [emerg] 825#825: host not found in upstream "livekit:7880" in /etc/nginx/conf.d/default.conf:18
2025/10/16 09:31:34 [emerg] 831#831: host not found in upstream "livekit:7880" in /etc/nginx/conf.d/default.conf:18
2025/10/16 09:32:04 [emerg] 837#837: host not found in upstream "livekit:7880" in /etc/nginx/conf.d/default.conf:18
2025/10/16 09:32:34 [emerg] 843#843: host not found in upstream "livekit:7880" in /etc/nginx/conf.d/default.conf:18
2025/10/16 09:33:04 [emerg] 849#849: host not found in upstream "livekit:7880" in /etc/nginx/conf.d/default.conf:18
2025/10/16 09:33:34 [emerg] 855#855: host not found in upstream "livekit:7880" in /etc/nginx/conf.d/default.conf:18
2025/10/16 09:34:04 [emerg] 861#861: host not found in upstream "livekit:7880" in /etc/nginx/conf.d/default.conf:18
2025/10/16 09:34:34 [emerg] 867#867: host not found in upstream "livekit:7880" in /etc/nginx/conf.d/default.conf:18
2025/10/16 09:35:04 [emerg] 873#873: host not found in upstream "livekit:7880" in /etc/nginx/conf.d/default.conf:18
2025/10/16 09:35:34 [emerg] 879#879: host not found in upstream "livekit:7880" in /etc/nginx/conf.d/default.conf:18
2025/10/16 09:36:04 [emerg] 885#885: host not found in upstream "livekit:7880" in /etc/nginx/conf.d/default.conf:18
2025/10/16 09:36:34 [emerg] 891#891: host not found in upstream "livekit:7880" in /etc/nginx/conf.d/default.conf:18
2025/10/16 09:37:04 [emerg] 897#897: host not found in upstream "livekit:7880" in /etc/nginx/conf.d/default.conf:18
2025/10/16 09:37:34 [emerg] 903#903: host not found in upstream "livekit:7880" in /etc/nginx/conf.d/default.conf:18
2025/10/16 09:38:04 [emerg] 909#909: host not found in upstream "livekit:7880" in /etc/nginx/conf.d/default.conf:18
2025/10/16 09:38:34 [emerg] 915#915: host not found in upstream "livekit:7880" in /etc/nginx/conf.d/default.conf:18
2025/10/16 09:39:04 [emerg] 921#921: host not found in upstream "livekit:7880" in /etc/nginx/conf.d/default.conf:18
2025/10/16 09:39:34 [emerg] 927#927: host not found in upstream "livekit:7880" in /etc/nginx/conf.d/default.conf:18
2025/10/16 09:40:05 [emerg] 933#933: host not found in upstream "livekit:7880" in /etc/nginx/conf.d/default.conf:18
2025/10/16 09:40:35 [emerg] 939#939: host not found in upstream "livekit:7880" in /etc/nginx/conf.d/default.conf:18
2025/10/16 09:41:05 [emerg] 945#945: host not found in upstream "livekit:7880" in /etc/nginx/conf.d/default.conf:18
2025/10/16 09:41:35 [emerg] 951#951: host not found in upstream "livekit:7880" in /etc/nginx/conf.d/default.conf:18
2025/10/16 09:42:05 [emerg] 957#957: host not found in upstream "livekit:7880" in /etc/nginx/conf.d/default.conf:18
2025/10/16 09:42:35 [emerg] 963#963: host not found in upstream "livekit:7880" in /etc/nginx/conf.d/default.conf:18
2025/10/16 09:43:05 [emerg] 969#969: host not found in upstream "livekit:7880" in /etc/nginx/conf.d/default.conf:18
2025/10/16 09:43:35 [emerg] 975#975: host not found in upstream "livekit:7880" in /etc/nginx/conf.d/default.conf:18
2025/10/16 09:44:05 [emerg] 981#981: host not found in upstream "livekit:7880" in /etc/nginx/conf.d/default.conf:18
2025/10/16 09:44:35 [emerg] 987#987: host not found in upstream "livekit:7880" in /etc/nginx/conf.d/default.conf:18
2025/10/16 09:45:05 [emerg] 993#993: host not found in upstream "livekit:7880" in /etc/nginx/conf.d/default.conf:18
2025/10/16 09:45:35 [emerg] 999#999: host not found in upstream "livekit:7880" in /etc/nginx/conf.d/default.conf:18
2025/10/16 09:46:05 [emerg] 1005#1005: host not found in upstream "livekit:7880" in /etc/nginx/conf.d/default.conf:18
2025/10/16 09:46:35 [emerg] 1011#1011: host not found in upstream "livekit:7880" in /etc/nginx/conf.d/default.conf:18
2025/10/16 09:47:05 [emerg] 1017#1017: host not found in upstream "livekit:7880" in /etc/nginx/conf.d/default.conf:18
2025/10/16 09:47:35 [emerg] 1023#1023: host not found in upstream "livekit:7880" in /etc/nginx/conf.d/default.conf:18
2025/10/16 09:48:05 [emerg] 1029#1029: host not found in upstream "livekit:7880" in /etc/nginx/conf.d/default.conf:18
2025/10/16 09:48:35 [emerg] 1035#1035: host not found in upstream "livekit:7880" in /etc/nginx/conf.d/default.conf:18
2025/10/16 09:49:05 [emerg] 1041#1041: host not found in upstream "livekit:7880" in /etc/nginx/conf.d/default.conf:18
2025/10/16 09:49:35 [emerg] 1047#1047: host not found in upstream "livekit:7880" in /etc/nginx/conf.d/default.conf:18
2025/10/16 09:50:06 [emerg] 1053#1053: host not found in upstream "livekit:7880" in /etc/nginx/conf.d/default.conf:18
2025/10/16 09:50:36 [emerg] 1059#1059: host not found in upstream "livekit:7880" in /etc/nginx/conf.d/default.conf:18
2025/10/16 09:51:06 [emerg] 1065#1065: host not found in upstream "livekit:7880" in /etc/nginx/conf.d/default.conf:18
2025/10/16 09:51:36 [emerg] 1071#1071: host not found in upstream "livekit:7880" in /etc/nginx/conf.d/default.conf:18
2025/10/16 09:52:06 [emerg] 1077#1077: host not found in upstream "livekit:7880" in /etc/nginx/conf.d/default.conf:18
2025/10/16 09:52:36 [emerg] 1083#1083: host not found in upstream "livekit:7880" in /etc/nginx/conf.d/default.conf:18
2025/10/16 09:53:06 [emerg] 1089#1089: host not found in upstream "livekit:7880" in /etc/nginx/conf.d/default.conf:18
2025/10/16 09:53:36 [emerg] 1095#1095: host not found in upstream "livekit:7880" in /etc/nginx/conf.d/default.conf:18
2025/10/16 09:54:06 [emerg] 1101#1101: host not found in upstream "livekit:7880" in /etc/nginx/conf.d/default.conf:18
2025/10/16 09:54:27 [emerg] 1107#1107: host not found in upstream "livekit:7880" in /etc/nginx/conf.d/default.conf:18
2025/10/16 09:54:36 [emerg] 1113#1113: host not found in upstream "livekit:7880" in /etc/nginx/conf.d/default.conf:18
2025/10/16 09:55:07 [emerg] 1119#1119: host not found in upstream "livekit:7880" in /etc/nginx/conf.d/default.conf:18
2025/10/16 09:55:37 [emerg] 1125#1125: host not found in upstream "livekit:7880" in /etc/nginx/conf.d/default.conf:18
2025/10/16 09:56:07 [emerg] 1131#1131: host not found in upstream "livekit:7880" in /etc/nginx/conf.d/default.conf:18
2025/10/16 09:56:37 [emerg] 1137#1137: host not found in upstream "livekit_backend" in /etc/nginx/conf.d/default.conf:319
2025/10/16 10:09:49 [emerg] 141#141: host not found in upstream "odeuo-web:3001" in /etc/nginx/conf.d/default.conf:10
2025/10/16 10:10:19 [emerg] 146#146: host not found in upstream "odeuo-web:3001" in /etc/nginx/conf.d/default.conf:10
2025/10/16 10:10:49 [emerg] 152#152: host not found in upstream "odeuo-web:3001" in /etc/nginx/conf.d/default.conf:10
2025/10/16 10:11:19 [emerg] 158#158: host not found in upstream "odeuo-web:3001" in /etc/nginx/conf.d/default.conf:10
2025/10/16 10:11:49 [emerg] 164#164: host not found in upstream "odeuo-web:3001" in /etc/nginx/conf.d/default.conf:10
2025/10/16 10:12:19 [emerg] 170#170: host not found in upstream "odeuo-web:3001" in /etc/nginx/conf.d/default.conf:10
2025/10/16 10:12:49 [emerg] 176#176: host not found in upstream "odeuo-web:3001" in /etc/nginx/conf.d/default.conf:10
2025/10/16 10:13:19 [emerg] 182#182: host not found in upstream "odeuo-web:3001" in /etc/nginx/conf.d/default.conf:10
2025/10/16 10:13:49 [emerg] 188#188: host not found in upstream "odeuo-web:3001" in /etc/nginx/conf.d/default.conf:10
2025/10/16 10:14:19 [emerg] 194#194: host not found in upstream "odeuo-web:3001" in /etc/nginx/conf.d/default.conf:10
2025/10/16 10:14:50 [emerg] 201#201: host not found in upstream "odeuo-web:3001" in /etc/nginx/conf.d/default.conf:10
2025/10/16 10:15:20 [emerg] 207#207: host not found in upstream "odeuo-web:3001" in /etc/nginx/conf.d/default.conf:10
2025/10/16 10:15:50 [emerg] 213#213: host not found in upstream "odeuo-web:3001" in /etc/nginx/conf.d/default.conf:10
2025/10/16 10:16:20 [emerg] 219#219: host not found in upstream "odeuo-web:3001" in /etc/nginx/conf.d/default.conf:10
2025/10/16 10:16:50 [emerg] 225#225: host not found in upstream "odeuo-web:3001" in /etc/nginx/conf.d/default.conf:10
2025/10/16 10:17:20 [emerg] 231#231: host not found in upstream "odeuo-web:3001" in /etc/nginx/conf.d/default.conf:10
2025/10/16 10:17:51 [emerg] 237#237: host not found in upstream "odeuo-web:3001" in /etc/nginx/conf.d/default.conf:10
2025/10/16 10:18:21 [emerg] 242#242: host not found in upstream "odeuo-web:3001" in /etc/nginx/conf.d/default.conf:10
2025/10/16 10:18:51 [emerg] 247#247: host not found in upstream "odeuo-web:3001" in /etc/nginx/conf.d/default.conf:10
2025/10/16 10:19:21 [emerg] 253#253: host not found in upstream "odeuo-web:3001" in /etc/nginx/conf.d/default.conf:10
2025/10/16 10:19:51 [emerg] 258#258: host not found in upstream "odeuo-web:3001" in /etc/nginx/conf.d/default.conf:10
2025/10/16 10:20:21 [emerg] 264#264: host not found in upstream "odeuo-web:3001" in /etc/nginx/conf.d/default.conf:10
2025/10/16 10:20:51 [emerg] 270#270: host not found in upstream "odeuo-web:3001" in /etc/nginx/conf.d/default.conf:10
2025/10/16 10:21:21 [emerg] 276#276: host not found in upstream "odeuo-web:3001" in /etc/nginx/conf.d/default.conf:10
2025/10/16 10:21:52 [emerg] 282#282: host not found in upstream "odeuo-web:3001" in /etc/nginx/conf.d/default.conf:10
2025/10/16 10:22:22 [emerg] 288#288: host not found in upstream "odeuo-web:3001" in /etc/nginx/conf.d/default.conf:10
2025/10/16 10:22:52 [emerg] 294#294: host not found in upstream "odeuo-web:3001" in /etc/nginx/conf.d/default.conf:10
2025/10/16 10:23:22 [emerg] 300#300: host not found in upstream "odeuo-web:3001" in /etc/nginx/conf.d/default.conf:10
2025/10/16 10:23:52 [emerg] 306#306: host not found in upstream "odeuo-web:3001" in /etc/nginx/conf.d/default.conf:10
2025/10/16 10:24:22 [emerg] 312#312: host not found in upstream "odeuo-web:3001" in /etc/nginx/conf.d/default.conf:10
2025/10/16 10:24:52 [emerg] 318#318: host not found in upstream "odeuo-web:3001" in /etc/nginx/conf.d/default.conf:10
